<html>
<body>
<pre>
<h1>µVision Build Log</h1>
<h2>Project:</h2>
C:\Users\Alex\Documents\Teaching\Book Writin'\ARM Cortex M0Plus\Content\AdvancedCourse\Power and Energy\Code\Energy Lab - Energy Measurement\BasicUI.uvproj
Project File Date:  06/03/2013

<h2>Output:</h2>
Build target 'KL25Z Flash'
compiling main.c...
src\main.c(30): warning:  #177-D: variable "v_rail" was declared but never referenced
compiling timers.c...
linking...
Program Size: Code=3448 RO-data=224 RW-data=12 ZI-data=1028  
".\obj\BasicUI.axf" - 0 Error(s), 1 Warning(s).
Build target 'KL25Z Flash'
compiling main.c...
src\main.c(30): warning:  #177-D: variable "v_rail" was declared but never referenced
compiling LEDs.c...
compiling timers.c...
linking...
Program Size: Code=3440 RO-data=224 RW-data=12 ZI-data=1028  
".\obj\BasicUI.axf" - 0 Error(s), 1 Warning(s).
Build target 'KL25Z Flash'
compiling main.c...
src\main.c(30): warning:  #177-D: variable "v_rail" was declared but never referenced
linking...
Program Size: Code=3440 RO-data=224 RW-data=12 ZI-data=1028  
".\obj\BasicUI.axf" - 0 Error(s), 1 Warning(s).
Load "C:\\Users\\Alex\\Documents\\Teaching\\Book Writin'\\ARM Cortex M0Plus\\Content\\AdvancedCourse\\Power and Energy\\Code\\Energy Lab - Energy Measurement\\obj\\BasicUI.AXF" 
Erase Done.
Programming Done.
Verify OK.
Application running ...
Build target 'KL25Z Flash'
compiling main.c...
src\main.c(30): warning:  #177-D: variable "v_rail" was declared but never referenced
compiling LEDs.c...
compiling timers.c...
linking...
Program Size: Code=3440 RO-data=224 RW-data=12 ZI-data=1028  
".\obj\BasicUI.axf" - 0 Error(s), 1 Warning(s).
Load "C:\\Users\\Alex\\Documents\\Teaching\\Book Writin'\\ARM Cortex M0Plus\\Content\\AdvancedCourse\\Power and Energy\\Code\\Energy Lab - Energy Measurement\\obj\\BasicUI.AXF" 
Erase Done.
Programming Done.
Verify OK.
Application running ...
Build target 'KL25Z Flash'
compiling main.c...
src\main.c(30): warning:  #177-D: variable "v_rail" was declared but never referenced
compiling LEDs.c...
compiling timers.c...
linking...
Program Size: Code=3444 RO-data=224 RW-data=12 ZI-data=1028  
".\obj\BasicUI.axf" - 0 Error(s), 1 Warning(s).
Load "C:\\Users\\Alex\\Documents\\Teaching\\Book Writin'\\ARM Cortex M0Plus\\Content\\AdvancedCourse\\Power and Energy\\Code\\Energy Lab - Energy Measurement\\obj\\BasicUI.AXF" 
Erase Done.
Programming Done.
Verify OK.
Application running ...
Build target 'KL25Z Flash'
compiling main.c...
src\main.c(30): warning:  #177-D: variable "v_rail" was declared but never referenced
compiling LEDs.c...
compiling timers.c...
linking...
Program Size: Code=3448 RO-data=224 RW-data=12 ZI-data=1028  
".\obj\BasicUI.axf" - 0 Error(s), 1 Warning(s).
Load "C:\\Users\\Alex\\Documents\\Teaching\\Book Writin'\\ARM Cortex M0Plus\\Content\\AdvancedCourse\\Power and Energy\\Code\\Energy Lab - Energy Measurement\\obj\\BasicUI.AXF" 
Erase Done.
Programming Done.
Verify OK.
Application running ...
Build target 'KL25Z Flash'
compiling main.c...
.\inc\config.h(6): warning:  #1-D: last line of file ends without a newline
src\main.c(31): warning:  #177-D: variable "v_rail" was declared but never referenced
compiling LEDs.c...
compiling timers.c...
linking...
Program Size: Code=3448 RO-data=224 RW-data=12 ZI-data=1028  
".\obj\BasicUI.axf" - 0 Error(s), 2 Warning(s).
Build target 'KL25Z Flash'
compiling main.c...
linking...
Program Size: Code=3448 RO-data=224 RW-data=12 ZI-data=1028  
".\obj\BasicUI.axf" - 0 Error(s), 0 Warning(s).
Load "C:\\Users\\Alex\\Documents\\Teaching\\Book Writin'\\ARM Cortex M0Plus\\Content\\AdvancedCourse\\Power and Energy\\Code\\Energy Lab - Energy Measurement\\obj\\BasicUI.AXF" 
Erase Done.
Programming Done.
Verify OK.
Application running ...
Build target 'KL25Z Flash'
compiling main.c...
linking...
Program Size: Code=3448 RO-data=224 RW-data=12 ZI-data=1028  
".\obj\BasicUI.axf" - 0 Error(s), 0 Warning(s).
Load "C:\\Users\\Alex\\Documents\\Teaching\\Book Writin'\\ARM Cortex M0Plus\\Content\\AdvancedCourse\\Power and Energy\\Code\\Energy Lab - Energy Measurement\\obj\\BasicUI.AXF" 
Erase Done.
Programming Done.
Verify OK.
Application running ...
Build target 'KL25Z Flash'
compiling main.c...
linking...
Program Size: Code=3448 RO-data=224 RW-data=12 ZI-data=1028  
".\obj\BasicUI.axf" - 0 Error(s), 0 Warning(s).
Load "C:\\Users\\Alex\\Documents\\Teaching\\Book Writin'\\ARM Cortex M0Plus\\Content\\AdvancedCourse\\Power and Energy\\Code\\Energy Lab - Energy Measurement\\obj\\BasicUI.AXF" 
Erase Done.
Programming Done.
Verify OK.
Application running ...
