Component: ARM Compiler 5.05 update 1 (build 106) Tool: armlink [4d0efa]

==============================================================================

Section Cross References

    startup_mkl25z4.o(RESET) refers to startup_mkl25z4.o(STACK) for __initial_sp
    startup_mkl25z4.o(RESET) refers to startup_mkl25z4.o(.text) for Reset_Handler
    startup_mkl25z4.o(RESET) refers to timers.o(.text) for TPM0_IRQHandler
    startup_mkl25z4.o(.text) refers to system_mkl25z4.o(.text) for SystemInit
    startup_mkl25z4.o(.text) refers to entry.o(.ARM.Collect$$$$00000000) for __main
    system_mkl25z4.o(.text) refers to uidiv.o(.text) for __aeabi_uidivmod
    system_mkl25z4.o(.text) refers to system_mkl25z4.o(i.__ARM_common_switch8) for __ARM_common_switch8
    system_mkl25z4.o(.text) refers to system_mkl25z4.o(.data) for SystemCoreClock
    main.o(.text) refers to leds.o(.text) for Init_RGB_LEDs
    main.o(.text) refers to i2c.o(.text) for i2c_init
    main.o(.text) refers to mma8451.o(.text) for init_mma
    main.o(.text) refers to timers.o(.text) for Init_LPTMR
    leds.o(.text) refers to delay.o(.text) for Delay
    leds.o(.text) refers to cfcmple.o(.text) for __aeabi_cfcmple
    leds.o(.text) refers to cfrcmple.o(.text) for __aeabi_cfrcmple
    leds.o(.text) refers to mma8451.o(.data) for roll_rads
    timers.o(.text) refers to mma8451.o(.text) for read_full_xyz
    timers.o(.text) refers to leds.o(.text) for Light_LEDs
    timers.o(.text) refers to timers.o(.data) for n
    adc.o(.text) refers to ffltui.o(.text) for __aeabi_ui2f
    adc.o(.text) refers to fdiv.o(.text) for __aeabi_fdiv
    adc.o(.text) refers to dfltui.o(.text) for __aeabi_ui2d
    adc.o(.text) refers to ddiv.o(.text) for __aeabi_ddiv
    adc.o(.text) refers to d2f.o(.text) for __aeabi_d2f
    i2c.o(.text) refers to i2c.o(.data) for cnt1
    mma8451.o(.text) refers to i2c.o(.text) for i2c_read_byte
    mma8451.o(.text) refers to delay.o(.text) for Delay
    mma8451.o(.text) refers to fflti.o(.text) for __aeabi_i2f
    mma8451.o(.text) refers to fmul.o(.text) for __aeabi_fmul
    mma8451.o(.text) refers to asinf.o(i.asinf) for asinf
    mma8451.o(.text) refers to atan2f.o(i.atan2f) for atan2f
    mma8451.o(.text) refers to mma8451.o(.data) for acc_X
    asinf.o(i.__softfp_asinf) refers (Special) to iusefp.o(.text) for __I$use$fp
    asinf.o(i.__softfp_asinf) refers to asinf.o(i.asinf) for asinf
    asinf.o(i.asinf) refers (Special) to iusefp.o(.text) for __I$use$fp
    asinf.o(i.asinf) refers to fadd.o(.text) for __aeabi_frsub
    asinf.o(i.asinf) refers to fscalb.o(.text) for __ARM_scalbnf
    asinf.o(i.asinf) refers to sqrtf.o(i.sqrtf) for sqrtf
    asinf.o(i.asinf) refers to fmul.o(.text) for __aeabi_fmul
    asinf.o(i.asinf) refers to fpclassifyf.o(i.__ARM_fpclassifyf) for __ARM_fpclassifyf
    asinf.o(i.asinf) refers to funder.o(i.__mathlib_flt_underflow) for __mathlib_flt_underflow
    asinf.o(i.asinf) refers to funder.o(i.__mathlib_flt_infnan) for __mathlib_flt_infnan
    asinf.o(i.asinf) refers to errno.o(i.__set_errno) for __set_errno
    asinf.o(i.asinf) refers to funder.o(i.__mathlib_flt_invalid) for __mathlib_flt_invalid
    asinf_x.o(i.____softfp_asinf$lsc) refers (Special) to iusefp.o(.text) for __I$use$fp
    asinf_x.o(i.____softfp_asinf$lsc) refers to asinf_x.o(i.__asinf$lsc) for __asinf$lsc
    asinf_x.o(i.__asinf$lsc) refers (Special) to iusefp.o(.text) for __I$use$fp
    asinf_x.o(i.__asinf$lsc) refers to fadd.o(.text) for __aeabi_frsub
    asinf_x.o(i.__asinf$lsc) refers to fscalb.o(.text) for __ARM_scalbnf
    asinf_x.o(i.__asinf$lsc) refers to sqrtf.o(i.sqrtf) for sqrtf
    asinf_x.o(i.__asinf$lsc) refers to fmul.o(.text) for __aeabi_fmul
    asinf_x.o(i.__asinf$lsc) refers to funder.o(i.__mathlib_flt_infnan) for __mathlib_flt_infnan
    asinf_x.o(i.__asinf$lsc) refers to errno.o(i.__set_errno) for __set_errno
    atan2f.o(i.__softfp_atan2f) refers (Special) to iusefp.o(.text) for __I$use$fp
    atan2f.o(i.__softfp_atan2f) refers to atan2f.o(i.atan2f) for atan2f
    atan2f.o(i.atan2f) refers (Special) to iusefp.o(.text) for __I$use$fp
    atan2f.o(i.atan2f) refers to fdiv.o(.text) for __aeabi_fdiv
    atan2f.o(i.atan2f) refers to fpclassifyf.o(i.__ARM_fpclassifyf) for __ARM_fpclassifyf
    atan2f.o(i.atan2f) refers to funder.o(i.__mathlib_flt_underflow) for __mathlib_flt_underflow
    atan2f.o(i.atan2f) refers to fadd.o(.text) for __aeabi_fsub
    atan2f.o(i.atan2f) refers to fmul.o(.text) for __aeabi_fmul
    atan2f.o(i.atan2f) refers to funder.o(i.__mathlib_flt_infnan2) for __mathlib_flt_infnan2
    atan2f_x.o(i.____softfp_atan2f$lsc) refers (Special) to iusefp.o(.text) for __I$use$fp
    atan2f_x.o(i.____softfp_atan2f$lsc) refers to atan2f_x.o(i.__atan2f$lsc) for __atan2f$lsc
    atan2f_x.o(i.__atan2f$lsc) refers (Special) to iusefp.o(.text) for __I$use$fp
    atan2f_x.o(i.__atan2f$lsc) refers to fdiv.o(.text) for __aeabi_fdiv
    atan2f_x.o(i.__atan2f$lsc) refers to fadd.o(.text) for __aeabi_fsub
    atan2f_x.o(i.__atan2f$lsc) refers to fmul.o(.text) for __aeabi_fmul
    atan2f_x.o(i.__atan2f$lsc) refers to funder.o(i.__mathlib_flt_infnan2) for __mathlib_flt_infnan2
    atan2f_x.o(i.__atan2f$lsc) refers to errno.o(i.__set_errno) for __set_errno
    entry.o(.ARM.Collect$$$$00000000) refers (Special) to entry10a.o(.ARM.Collect$$$$0000000D) for __rt_final_cpp
    entry.o(.ARM.Collect$$$$00000000) refers (Special) to entry11a.o(.ARM.Collect$$$$0000000F) for __rt_final_exit
    entry.o(.ARM.Collect$$$$00000000) refers (Special) to entry7b.o(.ARM.Collect$$$$00000008) for _main_clock
    entry.o(.ARM.Collect$$$$00000000) refers (Special) to entry8b.o(.ARM.Collect$$$$0000000A) for _main_cpp_init
    entry.o(.ARM.Collect$$$$00000000) refers (Special) to entry9a.o(.ARM.Collect$$$$0000000B) for _main_init
    entry.o(.ARM.Collect$$$$00000000) refers (Special) to entry5.o(.ARM.Collect$$$$00000004) for _main_scatterload
    entry.o(.ARM.Collect$$$$00000000) refers (Special) to entry2.o(.ARM.Collect$$$$00000001) for _main_stk
    fmul.o(.text) refers (Special) to iusefp.o(.text) for __I$use$fp
    fdiv.o(.text) refers (Special) to iusefp.o(.text) for __I$use$fp
    fdiv.o(.text) refers to fepilogue.o(.text) for _float_round
    ddiv.o(.text) refers (Special) to iusefp.o(.text) for __I$use$fp
    ddiv.o(.text) refers to depilogue.o(.text) for _double_round
    fflti.o(.text) refers (Special) to iusefp.o(.text) for __I$use$fp
    fflti.o(.text) refers to fepilogue.o(.text) for _float_epilogue
    ffltui.o(.text) refers (Special) to iusefp.o(.text) for __I$use$fp
    ffltui.o(.text) refers to fepilogue.o(.text) for _float_epilogue
    dfltui.o(.text) refers (Special) to iusefp.o(.text) for __I$use$fp
    dfltui.o(.text) refers to depilogue.o(.text) for _double_epilogue
    d2f.o(.text) refers (Special) to iusefp.o(.text) for __I$use$fp
    d2f.o(.text) refers to fepilogue.o(.text) for _float_round
    cfcmple.o(.text) refers (Special) to iusefp.o(.text) for __I$use$fp
    cfrcmple.o(.text) refers (Special) to iusefp.o(.text) for __I$use$fp
    fpclassifyf.o(i.__ARM_fpclassifyf) refers (Special) to iusefp.o(.text) for __I$use$fp
    funder.o(i.__mathlib_flt_divzero) refers to fdiv.o(.text) for __aeabi_fdiv
    funder.o(i.__mathlib_flt_infnan) refers to fscalb.o(.text) for __ARM_scalbnf
    funder.o(i.__mathlib_flt_infnan2) refers to fadd.o(.text) for __aeabi_fadd
    funder.o(i.__mathlib_flt_invalid) refers to fdiv.o(.text) for __aeabi_fdiv
    funder.o(i.__mathlib_flt_overflow) refers to fscalb.o(.text) for __ARM_scalbnf
    funder.o(i.__mathlib_flt_posinfnan) refers to fmul.o(.text) for __aeabi_fmul
    funder.o(i.__mathlib_flt_underflow) refers to fscalb.o(.text) for __ARM_scalbnf
    sqrtf.o(i.__softfp_sqrtf) refers (Special) to iusefp.o(.text) for __I$use$fp
    sqrtf.o(i.__softfp_sqrtf) refers to fsqrt.o(.text) for _fsqrt
    sqrtf.o(i.__softfp_sqrtf) refers to errno.o(i.__set_errno) for __set_errno
    sqrtf.o(i.sqrtf) refers (Special) to iusefp.o(.text) for __I$use$fp
    sqrtf.o(i.sqrtf) refers to fsqrt.o(.text) for _fsqrt
    sqrtf.o(i.sqrtf) refers to errno.o(i.__set_errno) for __set_errno
    sqrtf_x.o(i.____softfp_sqrtf$lsc) refers (Special) to iusefp.o(.text) for __I$use$fp
    sqrtf_x.o(i.____softfp_sqrtf$lsc) refers to errno.o(i.__set_errno) for __set_errno
    sqrtf_x.o(i.____softfp_sqrtf$lsc) refers to fsqrt.o(.text) for _fsqrt
    sqrtf_x.o(i.__sqrtf$lsc) refers (Special) to iusefp.o(.text) for __I$use$fp
    sqrtf_x.o(i.__sqrtf$lsc) refers to errno.o(i.__set_errno) for __set_errno
    sqrtf_x.o(i.__sqrtf$lsc) refers to fsqrt.o(.text) for _fsqrt
    entry2.o(.ARM.Collect$$$$00000001) refers to entry2.o(.ARM.Collect$$$$00002712) for __lit__00000000
    entry2.o(.ARM.Collect$$$$00002712) refers to startup_mkl25z4.o(STACK) for __initial_sp
    entry2.o(__vectab_stack_and_reset_area) refers to startup_mkl25z4.o(STACK) for __initial_sp
    entry2.o(__vectab_stack_and_reset_area) refers to entry.o(.ARM.Collect$$$$00000000) for __main
    entry5.o(.ARM.Collect$$$$00000004) refers to init.o(.text) for __scatterload
    entry9a.o(.ARM.Collect$$$$0000000B) refers to main.o(.text) for main
    entry9b.o(.ARM.Collect$$$$0000000C) refers to main.o(.text) for main
    errno.o(i.__aeabi_errno_addr) refers to errno.o(.data) for .data
    errno.o(i.__read_errno) refers to errno.o(.data) for .data
    errno.o(i.__set_errno) refers to errno.o(.data) for .data
    fadd.o(.text) refers to fepilogue.o(.text) for _float_epilogue
    depilogue.o(.text) refers to depilogue.o(i.__ARM_clz) for __ARM_clz
    depilogue.o(.text) refers to llshl.o(.text) for __aeabi_llsl
    depilogue.o(.text) refers to llushr.o(.text) for __aeabi_llsr
    init.o(.text) refers to entry5.o(.ARM.Collect$$$$00000004) for __main_after_scatterload
    fsqrt.o(.text) refers to fepilogue.o(.text) for _float_round


==============================================================================

Removing Unused input sections from the image.

    Removing startup_mkl25z4.o(HEAP), (0 bytes).
    Removing system_mkl25z4.o(.rev16_text), (4 bytes).
    Removing system_mkl25z4.o(.revsh_text), (4 bytes).
    Removing main.o(.rev16_text), (4 bytes).
    Removing main.o(.revsh_text), (4 bytes).
    Removing main.o(.data), (1 bytes).
    Removing leds.o(.rev16_text), (4 bytes).
    Removing leds.o(.revsh_text), (4 bytes).
    Removing timers.o(.rev16_text), (4 bytes).
    Removing timers.o(.revsh_text), (4 bytes).
    Removing delay.o(.rev16_text), (4 bytes).
    Removing delay.o(.revsh_text), (4 bytes).
    Removing adc.o(.rev16_text), (4 bytes).
    Removing adc.o(.revsh_text), (4 bytes).
    Removing adc.o(.text), (256 bytes).
    Removing i2c.o(.rev16_text), (4 bytes).
    Removing i2c.o(.revsh_text), (4 bytes).
    Removing mma8451.o(.rev16_text), (4 bytes).
    Removing mma8451.o(.revsh_text), (4 bytes).
    Removing ddiv.o(.text), (240 bytes).
    Removing ffltui.o(.text), (14 bytes).
    Removing dfltui.o(.text), (28 bytes).
    Removing d2f.o(.text), (56 bytes).
    Removing depilogue.o(.text), (190 bytes).
    Removing depilogue.o(i.__ARM_clz), (46 bytes).

25 unused section(s) (total 895 bytes) removed from the image.

==============================================================================

Image Symbol Table

    Local Symbols

    Symbol Name                              Value     Ov Type        Size  Object(Section)

    RESET                                    0x00000000   Section      192  startup_mkl25z4.o(RESET)
    ../clib/microlib/division.c              0x00000000   Number         0  uidiv.o ABSOLUTE
    ../clib/microlib/errno.c                 0x00000000   Number         0  errno.o ABSOLUTE
    ../clib/microlib/init/entry.s            0x00000000   Number         0  entry10b.o ABSOLUTE
    ../clib/microlib/init/entry.s            0x00000000   Number         0  entry10a.o ABSOLUTE
    ../clib/microlib/init/entry.s            0x00000000   Number         0  entry9b.o ABSOLUTE
    ../clib/microlib/init/entry.s            0x00000000   Number         0  entry9a.o ABSOLUTE
    ../clib/microlib/init/entry.s            0x00000000   Number         0  entry8b.o ABSOLUTE
    ../clib/microlib/init/entry.s            0x00000000   Number         0  entry8a.o ABSOLUTE
    ../clib/microlib/init/entry.s            0x00000000   Number         0  entry.o ABSOLUTE
    ../clib/microlib/init/entry.s            0x00000000   Number         0  entry2.o ABSOLUTE
    ../clib/microlib/init/entry.s            0x00000000   Number         0  entry5.o ABSOLUTE
    ../clib/microlib/init/entry.s            0x00000000   Number         0  entry7a.o ABSOLUTE
    ../clib/microlib/init/entry.s            0x00000000   Number         0  entry7b.o ABSOLUTE
    ../clib/microlib/init/entry.s            0x00000000   Number         0  entry11b.o ABSOLUTE
    ../clib/microlib/init/entry.s            0x00000000   Number         0  entry11a.o ABSOLUTE
    ../clib/microlib/longlong.c              0x00000000   Number         0  llushr.o ABSOLUTE
    ../clib/microlib/longlong.c              0x00000000   Number         0  llshl.o ABSOLUTE
    ../clib/microlib/stubs.s                 0x00000000   Number         0  iusefp.o ABSOLUTE
    ../fplib/microlib/d2f.c                  0x00000000   Number         0  d2f.o ABSOLUTE
    ../fplib/microlib/fpadd.c                0x00000000   Number         0  fadd.o ABSOLUTE
    ../fplib/microlib/fpdiv.c                0x00000000   Number         0  ddiv.o ABSOLUTE
    ../fplib/microlib/fpdiv.c                0x00000000   Number         0  fdiv.o ABSOLUTE
    ../fplib/microlib/fpepilogue.c           0x00000000   Number         0  depilogue.o ABSOLUTE
    ../fplib/microlib/fpepilogue.c           0x00000000   Number         0  fepilogue.o ABSOLUTE
    ../fplib/microlib/fpflt.c                0x00000000   Number         0  dfltui.o ABSOLUTE
    ../fplib/microlib/fpflt.c                0x00000000   Number         0  fflti.o ABSOLUTE
    ../fplib/microlib/fpflt.c                0x00000000   Number         0  ffltui.o ABSOLUTE
    ../fplib/microlib/fpmul.c                0x00000000   Number         0  fmul.o ABSOLUTE
    ../fplib/microlib/fpscalb.c              0x00000000   Number         0  fscalb.o ABSOLUTE
    ../fplib/microlib/fpsqrt.c               0x00000000   Number         0  fsqrt.o ABSOLUTE
    ../mathlib/asinf.c                       0x00000000   Number         0  asinf.o ABSOLUTE
    ../mathlib/asinf.c                       0x00000000   Number         0  asinf_x.o ABSOLUTE
    ../mathlib/atan2f.c                      0x00000000   Number         0  atan2f.o ABSOLUTE
    ../mathlib/atan2f.c                      0x00000000   Number         0  atan2f_x.o ABSOLUTE
    ../mathlib/fpclassifyf.c                 0x00000000   Number         0  fpclassifyf.o ABSOLUTE
    ../mathlib/funder.c                      0x00000000   Number         0  funder.o ABSOLUTE
    ../mathlib/sqrtf.c                       0x00000000   Number         0  sqrtf_x.o ABSOLUTE
    ../mathlib/sqrtf.c                       0x00000000   Number         0  sqrtf.o ABSOLUTE
    cfcmple.s                                0x00000000   Number         0  cfcmple.o ABSOLUTE
    cfrcmple.s                               0x00000000   Number         0  cfrcmple.o ABSOLUTE
    dc.s                                     0x00000000   Number         0  dc.o ABSOLUTE
    handlers.s                               0x00000000   Number         0  handlers.o ABSOLUTE
    init.s                                   0x00000000   Number         0  init.o ABSOLUTE
    src\ADC.c                                0x00000000   Number         0  adc.o ABSOLUTE
    src\LEDs.c                               0x00000000   Number         0  leds.o ABSOLUTE
    src\\ADC.c                               0x00000000   Number         0  adc.o ABSOLUTE
    src\\LEDs.c                              0x00000000   Number         0  leds.o ABSOLUTE
    src\\delay.c                             0x00000000   Number         0  delay.o ABSOLUTE
    src\\i2c.c                               0x00000000   Number         0  i2c.o ABSOLUTE
    src\\main.c                              0x00000000   Number         0  main.o ABSOLUTE
    src\\mma8451.c                           0x00000000   Number         0  mma8451.o ABSOLUTE
    src\\system_MKL25Z4.c                    0x00000000   Number         0  system_mkl25z4.o ABSOLUTE
    src\\timers.c                            0x00000000   Number         0  timers.o ABSOLUTE
    src\delay.c                              0x00000000   Number         0  delay.o ABSOLUTE
    src\i2c.c                                0x00000000   Number         0  i2c.o ABSOLUTE
    src\main.c                               0x00000000   Number         0  main.o ABSOLUTE
    src\mma8451.c                            0x00000000   Number         0  mma8451.o ABSOLUTE
    src\system_MKL25Z4.c                     0x00000000   Number         0  system_mkl25z4.o ABSOLUTE
    src\timers.c                             0x00000000   Number         0  timers.o ABSOLUTE
    startup_MKL25Z4.s                        0x00000000   Number         0  startup_mkl25z4.o ABSOLUTE
    .ARM.Collect$$$$00000000                 0x000000c0   Section        0  entry.o(.ARM.Collect$$$$00000000)
    .ARM.Collect$$$$00000001                 0x000000c0   Section        4  entry2.o(.ARM.Collect$$$$00000001)
    .ARM.Collect$$$$00000004                 0x000000c4   Section        4  entry5.o(.ARM.Collect$$$$00000004)
    .ARM.Collect$$$$00000008                 0x000000c8   Section        0  entry7b.o(.ARM.Collect$$$$00000008)
    .ARM.Collect$$$$0000000A                 0x000000c8   Section        0  entry8b.o(.ARM.Collect$$$$0000000A)
    .ARM.Collect$$$$0000000B                 0x000000c8   Section        8  entry9a.o(.ARM.Collect$$$$0000000B)
    .ARM.Collect$$$$0000000D                 0x000000d0   Section        0  entry10a.o(.ARM.Collect$$$$0000000D)
    .ARM.Collect$$$$0000000F                 0x000000d0   Section        0  entry11a.o(.ARM.Collect$$$$0000000F)
    .ARM.Collect$$$$00002712                 0x000000d0   Section        4  entry2.o(.ARM.Collect$$$$00002712)
    __lit__00000000                          0x000000d0   Data           4  entry2.o(.ARM.Collect$$$$00002712)
    .text                                    0x000000d4   Section       28  startup_mkl25z4.o(.text)
    .text                                    0x000000f0   Section        0  system_mkl25z4.o(.text)
    .text                                    0x0000030c   Section        0  delay.o(.text)
    .text                                    0x00000326   Section        0  uidiv.o(.text)
    .text                                    0x00000352   Section        0  fmul.o(.text)
    .text                                    0x000003cc   Section        0  fflti.o(.text)
    .text                                    0x000003e4   Section       20  cfcmple.o(.text)
    .text                                    0x000003f8   Section        0  iusefp.o(.text)
    i.__mathlib_flt_infnan2                  0x000003f8   Section        0  funder.o(i.__mathlib_flt_infnan2)
    .ARM.__at_0x400                          0x00000400   Section       16  startup_mkl25z4.o(.ARM.__at_0x400)
    .text                                    0x00000410   Section        0  main.o(.text)
    .text                                    0x0000051c   Section        0  leds.o(.text)
    .text                                    0x000006fc   Section        0  timers.o(.text)
    NVIC_SetPriority                         0x000006fd   Thumb Code   110  timers.o(.text)
    NVIC_EnableIRQ                           0x000009eb   Thumb Code    14  timers.o(.text)
    NVIC_ClearPendingIRQ                     0x000009f9   Thumb Code    14  timers.o(.text)
    .text                                    0x00000a48   Section        0  i2c.o(.text)
    .text                                    0x00000d7c   Section        0  mma8451.o(.text)
    .text                                    0x00000f48   Section        0  fdiv.o(.text)
    .text                                    0x00000fc4   Section       20  cfrcmple.o(.text)
    .text                                    0x00000fd8   Section        0  fepilogue.o(.text)
    .text                                    0x0000105a   Section        0  fadd.o(.text)
    .text                                    0x0000110c   Section        0  fscalb.o(.text)
    .text                                    0x00001124   Section       36  init.o(.text)
    .text                                    0x00001148   Section        0  fsqrt.o(.text)
    i.__ARM_common_switch8                   0x000011a0   Section        0  system_mkl25z4.o(i.__ARM_common_switch8)
    i.__ARM_fpclassifyf                      0x000011bc   Section        0  fpclassifyf.o(i.__ARM_fpclassifyf)
    i.__mathlib_flt_infnan                   0x000011de   Section        0  funder.o(i.__mathlib_flt_infnan)
    i.__mathlib_flt_invalid                  0x000011e8   Section        0  funder.o(i.__mathlib_flt_invalid)
    i.__mathlib_flt_underflow                0x000011f4   Section        0  funder.o(i.__mathlib_flt_underflow)
    i.__scatterload_copy                     0x00001202   Section       14  handlers.o(i.__scatterload_copy)
    i.__scatterload_null                     0x00001210   Section        2  handlers.o(i.__scatterload_null)
    i.__scatterload_zeroinit                 0x00001212   Section       14  handlers.o(i.__scatterload_zeroinit)
    i.__set_errno                            0x00001220   Section        0  errno.o(i.__set_errno)
    i.asinf                                  0x0000122c   Section        0  asinf.o(i.asinf)
    i.atan2f                                 0x00001344   Section        0  atan2f.o(i.atan2f)
    i.sqrtf                                  0x000015a0   Section        0  sqrtf.o(i.sqrtf)
    .data                                    0x1ffff000   Section        4  system_mkl25z4.o(.data)
    .data                                    0x1ffff004   Section        7  timers.o(.data)
    n                                        0x1ffff004   Data           1  timers.o(.data)
    n                                        0x1ffff005   Data           1  timers.o(.data)
    n_clk                                    0x1ffff006   Data           1  timers.o(.data)
    divider                                  0x1ffff007   Data           1  timers.o(.data)
    n                                        0x1ffff008   Data           1  timers.o(.data)
    n_clk                                    0x1ffff009   Data           1  timers.o(.data)
    divider                                  0x1ffff00a   Data           1  timers.o(.data)
    .data                                    0x1ffff00c   Section        6  i2c.o(.data)
    .data                                    0x1ffff014   Section       28  mma8451.o(.data)
    .data                                    0x1ffff030   Section        4  errno.o(.data)
    _errno                                   0x1ffff030   Data           4  errno.o(.data)
    STACK                                    0x1ffff038   Section     1024  startup_mkl25z4.o(STACK)

    Global Symbols

    Symbol Name                              Value     Ov Type        Size  Object(Section)

    BuildAttributes$$THM_ISAv3M$S$PE$A:L22$X:L11$S22$IEEE1$IW$USESV6$~STKCKD$USESV7$~SHL$OTIME$ROPI$IEEEX$EBA8$MICROLIB$REQ8$PRES8$EABIv2 0x00000000   Number         0  anon$$obj.o ABSOLUTE
    __ARM_use_no_argv                        0x00000000   Number         0  main.o ABSOLUTE
    __Vectors                                0x00000000   Data           4  startup_mkl25z4.o(RESET)
    __cpp_initialize__aeabi_                  - Undefined Weak Reference
    __cxa_finalize                            - Undefined Weak Reference
    __decompress                              - Undefined Weak Reference
    _clock_init                               - Undefined Weak Reference
    _microlib_exit                            - Undefined Weak Reference
    __Vectors_End                            0x000000c0   Data           0  startup_mkl25z4.o(RESET)
    __Vectors_Size                           0x000000c0   Number         0  startup_mkl25z4.o ABSOLUTE
    __main                                   0x000000c1   Thumb Code     0  entry.o(.ARM.Collect$$$$00000000)
    _main_stk                                0x000000c1   Thumb Code     0  entry2.o(.ARM.Collect$$$$00000001)
    _main_scatterload                        0x000000c5   Thumb Code     0  entry5.o(.ARM.Collect$$$$00000004)
    __main_after_scatterload                 0x000000c9   Thumb Code     0  entry5.o(.ARM.Collect$$$$00000004)
    _main_clock                              0x000000c9   Thumb Code     0  entry7b.o(.ARM.Collect$$$$00000008)
    _main_cpp_init                           0x000000c9   Thumb Code     0  entry8b.o(.ARM.Collect$$$$0000000A)
    _main_init                               0x000000c9   Thumb Code     0  entry9a.o(.ARM.Collect$$$$0000000B)
    __rt_final_cpp                           0x000000d1   Thumb Code     0  entry10a.o(.ARM.Collect$$$$0000000D)
    __rt_final_exit                          0x000000d1   Thumb Code     0  entry11a.o(.ARM.Collect$$$$0000000F)
    Reset_Handler                            0x000000d5   Thumb Code     8  startup_mkl25z4.o(.text)
    NMI_Handler                              0x000000dd   Thumb Code     2  startup_mkl25z4.o(.text)
    HardFault_Handler                        0x000000df   Thumb Code     2  startup_mkl25z4.o(.text)
    SVC_Handler                              0x000000e1   Thumb Code     2  startup_mkl25z4.o(.text)
    PendSV_Handler                           0x000000e3   Thumb Code     2  startup_mkl25z4.o(.text)
    SysTick_Handler                          0x000000e5   Thumb Code     2  startup_mkl25z4.o(.text)
    ADC0_IRQHandler                          0x000000e7   Thumb Code     0  startup_mkl25z4.o(.text)
    CMP0_IRQHandler                          0x000000e7   Thumb Code     0  startup_mkl25z4.o(.text)
    DAC0_IRQHandler                          0x000000e7   Thumb Code     0  startup_mkl25z4.o(.text)
    DMA0_IRQHandler                          0x000000e7   Thumb Code     0  startup_mkl25z4.o(.text)
    DMA1_IRQHandler                          0x000000e7   Thumb Code     0  startup_mkl25z4.o(.text)
    DMA2_IRQHandler                          0x000000e7   Thumb Code     0  startup_mkl25z4.o(.text)
    DMA3_IRQHandler                          0x000000e7   Thumb Code     0  startup_mkl25z4.o(.text)
    DefaultISR                               0x000000e7   Thumb Code     0  startup_mkl25z4.o(.text)
    FTFA_IRQHandler                          0x000000e7   Thumb Code     0  startup_mkl25z4.o(.text)
    I2C0_IRQHandler                          0x000000e7   Thumb Code     0  startup_mkl25z4.o(.text)
    I2C1_IRQHandler                          0x000000e7   Thumb Code     0  startup_mkl25z4.o(.text)
    LLW_IRQHandler                           0x000000e7   Thumb Code     0  startup_mkl25z4.o(.text)
    LVD_LVW_IRQHandler                       0x000000e7   Thumb Code     0  startup_mkl25z4.o(.text)
    MCG_IRQHandler                           0x000000e7   Thumb Code     0  startup_mkl25z4.o(.text)
    PORTA_IRQHandler                         0x000000e7   Thumb Code     0  startup_mkl25z4.o(.text)
    PORTD_IRQHandler                         0x000000e7   Thumb Code     0  startup_mkl25z4.o(.text)
    RTC_IRQHandler                           0x000000e7   Thumb Code     0  startup_mkl25z4.o(.text)
    RTC_Seconds_IRQHandler                   0x000000e7   Thumb Code     0  startup_mkl25z4.o(.text)
    Reserved20_IRQHandler                    0x000000e7   Thumb Code     0  startup_mkl25z4.o(.text)
    Reserved39_IRQHandler                    0x000000e7   Thumb Code     0  startup_mkl25z4.o(.text)
    Reserved45_IRQHandler                    0x000000e7   Thumb Code     0  startup_mkl25z4.o(.text)
    SPI0_IRQHandler                          0x000000e7   Thumb Code     0  startup_mkl25z4.o(.text)
    SPI1_IRQHandler                          0x000000e7   Thumb Code     0  startup_mkl25z4.o(.text)
    TPM1_IRQHandler                          0x000000e7   Thumb Code     0  startup_mkl25z4.o(.text)
    TPM2_IRQHandler                          0x000000e7   Thumb Code     0  startup_mkl25z4.o(.text)
    TSI0_IRQHandler                          0x000000e7   Thumb Code     0  startup_mkl25z4.o(.text)
    UART0_IRQHandler                         0x000000e7   Thumb Code     0  startup_mkl25z4.o(.text)
    UART1_IRQHandler                         0x000000e7   Thumb Code     0  startup_mkl25z4.o(.text)
    UART2_IRQHandler                         0x000000e7   Thumb Code     0  startup_mkl25z4.o(.text)
    USB0_IRQHandler                          0x000000e7   Thumb Code     0  startup_mkl25z4.o(.text)
    SystemInit                               0x000000f1   Thumb Code   168  system_mkl25z4.o(.text)
    SystemCoreClockUpdate                    0x00000199   Thumb Code   322  system_mkl25z4.o(.text)
    Delay                                    0x0000030d   Thumb Code    26  delay.o(.text)
    __aeabi_uidiv                            0x00000327   Thumb Code     0  uidiv.o(.text)
    __aeabi_uidivmod                         0x00000327   Thumb Code    44  uidiv.o(.text)
    __aeabi_fmul                             0x00000353   Thumb Code   122  fmul.o(.text)
    __aeabi_i2f                              0x000003cd   Thumb Code    22  fflti.o(.text)
    __aeabi_cfcmpeq                          0x000003e5   Thumb Code     0  cfcmple.o(.text)
    __aeabi_cfcmple                          0x000003e5   Thumb Code    20  cfcmple.o(.text)
    __I$use$fp                               0x000003f9   Thumb Code     0  iusefp.o(.text)
    __mathlib_flt_infnan2                    0x000003f9   Thumb Code     8  funder.o(i.__mathlib_flt_infnan2)
    Init_Debug_Signals                       0x00000411   Thumb Code    66  main.o(.text)
    main                                     0x00000453   Thumb Code   170  main.o(.text)
    Control_RGB_LEDs                         0x0000051d   Thumb Code    70  leds.o(.text)
    Init_RGB_LEDs                            0x00000563   Thumb Code   152  leds.o(.text)
    Light_LEDs                               0x000005fb   Thumb Code   226  leds.o(.text)
    Init_LPTMR                               0x0000076b   Thumb Code    50  timers.o(.text)
    Start_LPTMR                              0x0000079d   Thumb Code    14  timers.o(.text)
    Stop_LPTMR                               0x000007ab   Thumb Code    14  timers.o(.text)
    LPTimer_IRQHandler                       0x000007b9   Thumb Code    72  timers.o(.text)
    Init_PIT                                 0x00000801   Thumb Code    90  timers.o(.text)
    Start_PIT                                0x0000085b   Thumb Code    14  timers.o(.text)
    Stop_PIT                                 0x00000869   Thumb Code    14  timers.o(.text)
    PIT_IRQHandler                           0x00000877   Thumb Code   158  timers.o(.text)
    Init_TPM                                 0x00000915   Thumb Code    80  timers.o(.text)
    TPM0_IRQHandler                          0x00000965   Thumb Code   120  timers.o(.text)
    Start_TPM                                0x000009dd   Thumb Code    14  timers.o(.text)
    i2c_init                                 0x00000a49   Thumb Code    74  i2c.o(.text)
    i2c_start                                0x00000a93   Thumb Code    26  i2c.o(.text)
    i2c_reset                                0x00000aad   Thumb Code   162  i2c.o(.text)
    i2c_wait                                 0x00000b4f   Thumb Code    62  i2c.o(.text)
    i2c_read_setup                           0x00000b8d   Thumb Code   102  i2c.o(.text)
    i2c_repeated_read                        0x00000bf3   Thumb Code    84  i2c.o(.text)
    i2c_read_byte                            0x00000c47   Thumb Code   178  i2c.o(.text)
    i2c_write_byte                           0x00000cf9   Thumb Code   112  i2c.o(.text)
    init_mma                                 0x00000d7d   Thumb Code    64  mma8451.o(.text)
    read_full_xyz                            0x00000dbd   Thumb Code   142  mma8451.o(.text)
    read_xyz                                 0x00000e4b   Thumb Code    58  mma8451.o(.text)
    convert_xyz_to_roll_pitch                0x00000e85   Thumb Code    86  mma8451.o(.text)
    convert_xyz_to_roll_pitch_DEF            0x00000edb   Thumb Code    60  mma8451.o(.text)
    __aeabi_fdiv                             0x00000f49   Thumb Code   124  fdiv.o(.text)
    __aeabi_cfrcmple                         0x00000fc5   Thumb Code    20  cfrcmple.o(.text)
    _float_round                             0x00000fd9   Thumb Code    16  fepilogue.o(.text)
    _float_epilogue                          0x00000fe9   Thumb Code   114  fepilogue.o(.text)
    __aeabi_fadd                             0x0000105b   Thumb Code   162  fadd.o(.text)
    __aeabi_fsub                             0x000010fd   Thumb Code     8  fadd.o(.text)
    __aeabi_frsub                            0x00001105   Thumb Code     8  fadd.o(.text)
    __ARM_scalbnf                            0x0000110d   Thumb Code    24  fscalb.o(.text)
    scalbnf                                  0x0000110d   Thumb Code     0  fscalb.o(.text)
    __scatterload                            0x00001125   Thumb Code    28  init.o(.text)
    __scatterload_rt2                        0x00001125   Thumb Code     0  init.o(.text)
    _fsqrt                                   0x00001149   Thumb Code    88  fsqrt.o(.text)
    __ARM_common_switch8                     0x000011a1   Thumb Code    28  system_mkl25z4.o(i.__ARM_common_switch8)
    __ARM_fpclassifyf                        0x000011bd   Thumb Code    34  fpclassifyf.o(i.__ARM_fpclassifyf)
    __mathlib_flt_infnan                     0x000011df   Thumb Code    10  funder.o(i.__mathlib_flt_infnan)
    __mathlib_flt_invalid                    0x000011e9   Thumb Code    12  funder.o(i.__mathlib_flt_invalid)
    __mathlib_flt_underflow                  0x000011f5   Thumb Code    14  funder.o(i.__mathlib_flt_underflow)
    __scatterload_copy                       0x00001203   Thumb Code    14  handlers.o(i.__scatterload_copy)
    __scatterload_null                       0x00001211   Thumb Code     2  handlers.o(i.__scatterload_null)
    __scatterload_zeroinit                   0x00001213   Thumb Code    14  handlers.o(i.__scatterload_zeroinit)
    __set_errno                              0x00001221   Thumb Code     6  errno.o(i.__set_errno)
    asinf                                    0x0000122d   Thumb Code   242  asinf.o(i.asinf)
    atan2f                                   0x00001345   Thumb Code   526  atan2f.o(i.atan2f)
    sqrtf                                    0x000015a1   Thumb Code    44  sqrtf.o(i.sqrtf)
    Region$$Table$$Base                      0x000015cc   Number         0  anon$$obj.o(Region$$Table)
    Region$$Table$$Limit                     0x000015ec   Number         0  anon$$obj.o(Region$$Table)
    SystemCoreClock                          0x1ffff000   Data           4  system_mkl25z4.o(.data)
    i2c_wait_return                          0x1ffff00c   Data           1  i2c.o(.data)
    cnt1                                     0x1ffff00e   Data           2  i2c.o(.data)
    cnt2                                     0x1ffff010   Data           2  i2c.o(.data)
    acc_X                                    0x1ffff014   Data           2  mma8451.o(.data)
    acc_Y                                    0x1ffff016   Data           2  mma8451.o(.data)
    acc_Z                                    0x1ffff018   Data           2  mma8451.o(.data)
    roll                                     0x1ffff01c   Data           4  mma8451.o(.data)
    pitch                                    0x1ffff020   Data           4  mma8451.o(.data)
    roll_rads                                0x1ffff024   Data           4  mma8451.o(.data)
    pitch_rads                               0x1ffff028   Data           4  mma8451.o(.data)
    d180_over_pi                             0x1ffff02c   Data           4  mma8451.o(.data)
    __initial_sp                             0x1ffff438   Data           0  startup_mkl25z4.o(STACK)



==============================================================================

Memory Map of the image

  Image Entry point : 0x000000c1

  Load Region LR_IROM1 (Base: 0x00000000, Size: 0x00001620, Max: 0x00020000, ABSOLUTE)

    Execution Region ER_IROM1 (Base: 0x00000000, Size: 0x000015ec, Max: 0x00020000, ABSOLUTE)

    Base Addr    Size         Type   Attr      Idx    E Section Name        Object

    0x00000000   0x000000c0   Data   RO            3    RESET               startup_mkl25z4.o
    0x000000c0   0x00000000   Code   RO          281  * .ARM.Collect$$$$00000000  mc_p.l(entry.o)
    0x000000c0   0x00000004   Code   RO          328    .ARM.Collect$$$$00000001  mc_p.l(entry2.o)
    0x000000c4   0x00000004   Code   RO          331    .ARM.Collect$$$$00000004  mc_p.l(entry5.o)
    0x000000c8   0x00000000   Code   RO          333    .ARM.Collect$$$$00000008  mc_p.l(entry7b.o)
    0x000000c8   0x00000000   Code   RO          335    .ARM.Collect$$$$0000000A  mc_p.l(entry8b.o)
    0x000000c8   0x00000008   Code   RO          336    .ARM.Collect$$$$0000000B  mc_p.l(entry9a.o)
    0x000000d0   0x00000000   Code   RO          338    .ARM.Collect$$$$0000000D  mc_p.l(entry10a.o)
    0x000000d0   0x00000000   Code   RO          340    .ARM.Collect$$$$0000000F  mc_p.l(entry11a.o)
    0x000000d0   0x00000004   Code   RO          329    .ARM.Collect$$$$00002712  mc_p.l(entry2.o)
    0x000000d4   0x0000001c   Code   RO            5    .text               startup_mkl25z4.o
    0x000000f0   0x0000021c   Code   RO           15    .text               system_mkl25z4.o
    0x0000030c   0x0000001a   Code   RO          170    .text               delay.o
    0x00000326   0x0000002c   Code   RO          284    .text               mc_p.l(uidiv.o)
    0x00000352   0x0000007a   Code   RO          286    .text               mf_p.l(fmul.o)
    0x000003cc   0x00000016   Code   RO          292    .text               mf_p.l(fflti.o)
    0x000003e2   0x00000002   PAD
    0x000003e4   0x00000014   Code   RO          300    .text               mf_p.l(cfcmple.o)
    0x000003f8   0x00000000   Code   RO          349    .text               mc_p.l(iusefp.o)
    0x000003f8   0x00000008   Code   RO          308    i.__mathlib_flt_infnan2  m_ps.l(funder.o)
    0x00000400   0x00000010   Code   RO            4    .ARM.__at_0x400     startup_mkl25z4.o
    0x00000410   0x0000010c   Code   RO           59    .text               main.o
    0x0000051c   0x000001e0   Code   RO          123    .text               leds.o
    0x000006fc   0x0000034c   Code   RO          143    .text               timers.o
    0x00000a48   0x00000334   Code   RO          210    .text               i2c.o
    0x00000d7c   0x000001cc   Code   RO          236    .text               mma8451.o
    0x00000f48   0x0000007c   Code   RO          288    .text               mf_p.l(fdiv.o)
    0x00000fc4   0x00000014   Code   RO          302    .text               mf_p.l(cfrcmple.o)
    0x00000fd8   0x00000082   Code   RO          350    .text               mf_p.l(fepilogue.o)
    0x0000105a   0x000000b2   Code   RO          352    .text               mf_p.l(fadd.o)
    0x0000110c   0x00000018   Code   RO          354    .text               mf_p.l(fscalb.o)
    0x00001124   0x00000024   Code   RO          360    .text               mc_p.l(init.o)
    0x00001148   0x00000058   Code   RO          366    .text               mf_p.l(fsqrt.o)
    0x000011a0   0x0000001c   Code   RO           33    i.__ARM_common_switch8  system_mkl25z4.o
    0x000011bc   0x00000022   Code   RO          304    i.__ARM_fpclassifyf  m_ps.l(fpclassifyf.o)
    0x000011de   0x0000000a   Code   RO          307    i.__mathlib_flt_infnan  m_ps.l(funder.o)
    0x000011e8   0x0000000c   Code   RO          309    i.__mathlib_flt_invalid  m_ps.l(funder.o)
    0x000011f4   0x0000000e   Code   RO          312    i.__mathlib_flt_underflow  m_ps.l(funder.o)
    0x00001202   0x0000000e   Code   RO          370    i.__scatterload_copy  mc_p.l(handlers.o)
    0x00001210   0x00000002   Code   RO          371    i.__scatterload_null  mc_p.l(handlers.o)
    0x00001212   0x0000000e   Code   RO          372    i.__scatterload_zeroinit  mc_p.l(handlers.o)
    0x00001220   0x0000000c   Code   RO          344    i.__set_errno       mc_p.l(errno.o)
    0x0000122c   0x00000118   Code   RO          266    i.asinf             m_ps.l(asinf.o)
    0x00001344   0x0000025c   Code   RO          274    i.atan2f            m_ps.l(atan2f.o)
    0x000015a0   0x0000002c   Code   RO          321    i.sqrtf             m_ps.l(sqrtf.o)
    0x000015cc   0x00000020   Data   RO          368    Region$$Table       anon$$obj.o


    Execution Region RW_IRAM1 (Base: 0x1ffff000, Size: 0x00000438, Max: 0x00001000, ABSOLUTE)

    Base Addr    Size         Type   Attr      Idx    E Section Name        Object

    0x1ffff000   0x00000004   Data   RW           16    .data               system_mkl25z4.o
    0x1ffff004   0x00000007   Data   RW          144    .data               timers.o
    0x1ffff00b   0x00000001   PAD
    0x1ffff00c   0x00000006   Data   RW          211    .data               i2c.o
    0x1ffff012   0x00000002   PAD
    0x1ffff014   0x0000001c   Data   RW          237    .data               mma8451.o
    0x1ffff030   0x00000004   Data   RW          345    .data               mc_p.l(errno.o)
    0x1ffff034   0x00000004   PAD
    0x1ffff038   0x00000400   Zero   RW            1    STACK               startup_mkl25z4.o


==============================================================================

Image component sizes


      Code (inc. data)   RO Data    RW Data    ZI Data      Debug   Object Name

        26          0          0          0          0        792   delay.o
       820         20          0          6          0       2394   i2c.o
       480         32          0          0          0        996   leds.o
       268         32          0          0          0        722   main.o
       460         50          0         28          0       1779   mma8451.o
        44         24        192          0       1024        876   startup_mkl25z4.o
       568         60          0          4          0      98801   system_mkl25z4.o
       844         66          0          7          0       8105   timers.o

    ----------------------------------------------------------------------
      3510        284        224         48       1024     114465   Object Totals
         0          0         32          0          0          0   (incl. Generated)
         0          0          0          3          0          0   (incl. Padding)

    ----------------------------------------------------------------------

      Code (inc. data)   RO Data    RW Data    ZI Data      Debug   Library Member Name

       280         38          0          0          0         76   asinf.o
       604         78          0          0          0        120   atan2f.o
        34          0          0          0          0         60   fpclassifyf.o
        44          0          0          0          0        272   funder.o
        44          0          0          0          0         72   sqrtf.o
         0          0          0          0          0          0   entry.o
         0          0          0          0          0          0   entry10a.o
         0          0          0          0          0          0   entry11a.o
         8          4          0          0          0          0   entry2.o
         4          0          0          0          0          0   entry5.o
         0          0          0          0          0          0   entry7b.o
         0          0          0          0          0          0   entry8b.o
         8          4          0          0          0          0   entry9a.o
        12          6          0          4          0         60   errno.o
        30          0          0          0          0          0   handlers.o
        36          8          0          0          0         68   init.o
         0          0          0          0          0          0   iusefp.o
        44          0          0          0          0         72   uidiv.o
        20          0          0          0          0         68   cfcmple.o
        20          0          0          0          0         68   cfrcmple.o
       178          0          0          0          0        108   fadd.o
       124          0          0          0          0         72   fdiv.o
       130          0          0          0          0        144   fepilogue.o
        22          0          0          0          0         68   fflti.o
       122          0          0          0          0         72   fmul.o
        24          0          0          0          0         60   fscalb.o
        88          0          0          0          0         72   fsqrt.o

    ----------------------------------------------------------------------
      1878        138          0          4          4       1532   Library Totals
         2          0          0          0          4          0   (incl. Padding)

    ----------------------------------------------------------------------

      Code (inc. data)   RO Data    RW Data    ZI Data      Debug   Library Name

      1006        116          0          0          0        600   m_ps.l
       142         22          0          4          0        200   mc_p.l
       728          0          0          0          0        732   mf_p.l

    ----------------------------------------------------------------------
      1878        138          0          4          4       1532   Library Totals

    ----------------------------------------------------------------------

==============================================================================


      Code (inc. data)   RO Data    RW Data    ZI Data      Debug   

      5388        422        224         52       1028     114989   Grand Totals
      5388        422        224         52       1028     114989   ELF Image Totals
      5388        422        224         52          0          0   ROM Totals

==============================================================================

    Total RO  Size (Code + RO Data)                 5612 (   5.48kB)
    Total RW  Size (RW Data + ZI Data)              1080 (   1.05kB)
    Total ROM Size (Code + RO Data + RW Data)       5664 (   5.53kB)

==============================================================================

