Component: ARM Compiler 5.05 update 1 (build 106) Tool: armlink [4d0efa]

==============================================================================

Section Cross References

    startup_mkl25z4.o(RESET) refers to startup_mkl25z4.o(STACK) for __initial_sp
    startup_mkl25z4.o(RESET) refers to startup_mkl25z4.o(.text) for Reset_Handler
    startup_mkl25z4.o(RESET) refers to timers.o(.text) for TPM0_IRQHandler
    startup_mkl25z4.o(.text) refers to system_mkl25z4.o(.text) for SystemInit
    startup_mkl25z4.o(.text) refers to entry.o(.ARM.Collect$$$$00000000) for __main
    system_mkl25z4.o(.text) refers to uidiv.o(.text) for __aeabi_uidivmod
    system_mkl25z4.o(.text) refers to system_mkl25z4.o(.data) for .data
    main.o(.text) refers to leds.o(.text) for Init_RGB_LEDs
    main.o(.text) refers to i2c.o(.text) for i2c_init
    main.o(.text) refers to mma8451.o(.text) for init_mma
    main.o(.text) refers to timers.o(.text) for Init_LPTMR
    leds.o(.text) refers to delay.o(.text) for Delay
    leds.o(.text) refers to mma8451.o(.data) for roll_rads
    timers.o(.text) refers to mma8451.o(.text) for read_full_xyz
    timers.o(.text) refers to leds.o(.text) for Light_LEDs
    timers.o(.text) refers to timers.o(.data) for .data
    adc.o(.text) refers to ffltui.o(.text) for __aeabi_ui2f
    adc.o(.text) refers to fdiv.o(.text) for __aeabi_fdiv
    i2c.o(.text) refers to i2c.o(.data) for .data
    mma8451.o(.text) refers to i2c.o(.text) for i2c_read_byte
    mma8451.o(.text) refers to delay.o(.text) for Delay
    mma8451.o(.text) refers to fflti.o(.text) for __aeabi_i2f
    mma8451.o(.text) refers to fmul.o(.text) for __aeabi_fmul
    mma8451.o(.text) refers to asinf.o(i.asinf) for asinf
    mma8451.o(.text) refers to atan2f.o(i.atan2f) for atan2f
    mma8451.o(.text) refers to mma8451.o(.data) for .data
    approx.o(.text) refers to fscalb.o(.text) for __ARM_scalbnf
    approx.o(.text) refers to fmul.o(.text) for __aeabi_fmul
    approx.o(.text) refers to fadd.o(.text) for __aeabi_frsub
    approx.o(.text) refers to fdiv.o(.text) for __aeabi_fdiv
    asinf.o(i.__softfp_asinf) refers (Special) to iusefp.o(.text) for __I$use$fp
    asinf.o(i.__softfp_asinf) refers to asinf.o(i.asinf) for asinf
    asinf.o(i.asinf) refers (Special) to iusefp.o(.text) for __I$use$fp
    asinf.o(i.asinf) refers to fadd.o(.text) for __aeabi_frsub
    asinf.o(i.asinf) refers to fscalb.o(.text) for __ARM_scalbnf
    asinf.o(i.asinf) refers to sqrtf.o(i.sqrtf) for sqrtf
    asinf.o(i.asinf) refers to fmul.o(.text) for __aeabi_fmul
    asinf.o(i.asinf) refers to fpclassifyf.o(i.__ARM_fpclassifyf) for __ARM_fpclassifyf
    asinf.o(i.asinf) refers to funder.o(i.__mathlib_flt_underflow) for __mathlib_flt_underflow
    asinf.o(i.asinf) refers to funder.o(i.__mathlib_flt_infnan) for __mathlib_flt_infnan
    asinf.o(i.asinf) refers to errno.o(i.__set_errno) for __set_errno
    asinf.o(i.asinf) refers to funder.o(i.__mathlib_flt_invalid) for __mathlib_flt_invalid
    asinf_x.o(i.____softfp_asinf$lsc) refers (Special) to iusefp.o(.text) for __I$use$fp
    asinf_x.o(i.____softfp_asinf$lsc) refers to asinf_x.o(i.__asinf$lsc) for __asinf$lsc
    asinf_x.o(i.__asinf$lsc) refers (Special) to iusefp.o(.text) for __I$use$fp
    asinf_x.o(i.__asinf$lsc) refers to fadd.o(.text) for __aeabi_frsub
    asinf_x.o(i.__asinf$lsc) refers to fscalb.o(.text) for __ARM_scalbnf
    asinf_x.o(i.__asinf$lsc) refers to sqrtf.o(i.sqrtf) for sqrtf
    asinf_x.o(i.__asinf$lsc) refers to fmul.o(.text) for __aeabi_fmul
    asinf_x.o(i.__asinf$lsc) refers to funder.o(i.__mathlib_flt_infnan) for __mathlib_flt_infnan
    asinf_x.o(i.__asinf$lsc) refers to errno.o(i.__set_errno) for __set_errno
    atan2f.o(i.__softfp_atan2f) refers (Special) to iusefp.o(.text) for __I$use$fp
    atan2f.o(i.__softfp_atan2f) refers to atan2f.o(i.atan2f) for atan2f
    atan2f.o(i.atan2f) refers (Special) to iusefp.o(.text) for __I$use$fp
    atan2f.o(i.atan2f) refers to fdiv.o(.text) for __aeabi_fdiv
    atan2f.o(i.atan2f) refers to fpclassifyf.o(i.__ARM_fpclassifyf) for __ARM_fpclassifyf
    atan2f.o(i.atan2f) refers to funder.o(i.__mathlib_flt_underflow) for __mathlib_flt_underflow
    atan2f.o(i.atan2f) refers to fadd.o(.text) for __aeabi_fsub
    atan2f.o(i.atan2f) refers to fmul.o(.text) for __aeabi_fmul
    atan2f.o(i.atan2f) refers to funder.o(i.__mathlib_flt_infnan2) for __mathlib_flt_infnan2
    atan2f_x.o(i.____softfp_atan2f$lsc) refers (Special) to iusefp.o(.text) for __I$use$fp
    atan2f_x.o(i.____softfp_atan2f$lsc) refers to atan2f_x.o(i.__atan2f$lsc) for __atan2f$lsc
    atan2f_x.o(i.__atan2f$lsc) refers (Special) to iusefp.o(.text) for __I$use$fp
    atan2f_x.o(i.__atan2f$lsc) refers to fdiv.o(.text) for __aeabi_fdiv
    atan2f_x.o(i.__atan2f$lsc) refers to fadd.o(.text) for __aeabi_fsub
    atan2f_x.o(i.__atan2f$lsc) refers to fmul.o(.text) for __aeabi_fmul
    atan2f_x.o(i.__atan2f$lsc) refers to funder.o(i.__mathlib_flt_infnan2) for __mathlib_flt_infnan2
    atan2f_x.o(i.__atan2f$lsc) refers to errno.o(i.__set_errno) for __set_errno
    entry.o(.ARM.Collect$$$$00000000) refers (Special) to entry10a.o(.ARM.Collect$$$$0000000D) for __rt_final_cpp
    entry.o(.ARM.Collect$$$$00000000) refers (Special) to entry11a.o(.ARM.Collect$$$$0000000F) for __rt_final_exit
    entry.o(.ARM.Collect$$$$00000000) refers (Special) to entry7b.o(.ARM.Collect$$$$00000008) for _main_clock
    entry.o(.ARM.Collect$$$$00000000) refers (Special) to entry8b.o(.ARM.Collect$$$$0000000A) for _main_cpp_init
    entry.o(.ARM.Collect$$$$00000000) refers (Special) to entry9a.o(.ARM.Collect$$$$0000000B) for _main_init
    entry.o(.ARM.Collect$$$$00000000) refers (Special) to entry5.o(.ARM.Collect$$$$00000004) for _main_scatterload
    entry.o(.ARM.Collect$$$$00000000) refers (Special) to entry2.o(.ARM.Collect$$$$00000001) for _main_stk
    fadd.o(.text) refers (Special) to iusefp.o(.text) for __I$use$fp
    fadd.o(.text) refers to fepilogue.o(.text) for _float_epilogue
    fmul.o(.text) refers (Special) to iusefp.o(.text) for __I$use$fp
    fdiv.o(.text) refers (Special) to iusefp.o(.text) for __I$use$fp
    fdiv.o(.text) refers to fepilogue.o(.text) for _float_round
    fscalb.o(.text) refers (Special) to iusefp.o(.text) for __I$use$fp
    fflti.o(.text) refers (Special) to iusefp.o(.text) for __I$use$fp
    fflti.o(.text) refers to fepilogue.o(.text) for _float_epilogue
    ffltui.o(.text) refers (Special) to iusefp.o(.text) for __I$use$fp
    ffltui.o(.text) refers to fepilogue.o(.text) for _float_epilogue
    fpclassifyf.o(i.__ARM_fpclassifyf) refers (Special) to iusefp.o(.text) for __I$use$fp
    funder.o(i.__mathlib_flt_divzero) refers to fdiv.o(.text) for __aeabi_fdiv
    funder.o(i.__mathlib_flt_infnan) refers to fscalb.o(.text) for __ARM_scalbnf
    funder.o(i.__mathlib_flt_infnan2) refers to fadd.o(.text) for __aeabi_fadd
    funder.o(i.__mathlib_flt_invalid) refers to fdiv.o(.text) for __aeabi_fdiv
    funder.o(i.__mathlib_flt_overflow) refers to fscalb.o(.text) for __ARM_scalbnf
    funder.o(i.__mathlib_flt_posinfnan) refers to fmul.o(.text) for __aeabi_fmul
    funder.o(i.__mathlib_flt_underflow) refers to fscalb.o(.text) for __ARM_scalbnf
    sqrtf.o(i.__softfp_sqrtf) refers (Special) to iusefp.o(.text) for __I$use$fp
    sqrtf.o(i.__softfp_sqrtf) refers to fsqrt.o(.text) for _fsqrt
    sqrtf.o(i.__softfp_sqrtf) refers to errno.o(i.__set_errno) for __set_errno
    sqrtf.o(i.sqrtf) refers (Special) to iusefp.o(.text) for __I$use$fp
    sqrtf.o(i.sqrtf) refers to fsqrt.o(.text) for _fsqrt
    sqrtf.o(i.sqrtf) refers to errno.o(i.__set_errno) for __set_errno
    sqrtf_x.o(i.____softfp_sqrtf$lsc) refers (Special) to iusefp.o(.text) for __I$use$fp
    sqrtf_x.o(i.____softfp_sqrtf$lsc) refers to errno.o(i.__set_errno) for __set_errno
    sqrtf_x.o(i.____softfp_sqrtf$lsc) refers to fsqrt.o(.text) for _fsqrt
    sqrtf_x.o(i.__sqrtf$lsc) refers (Special) to iusefp.o(.text) for __I$use$fp
    sqrtf_x.o(i.__sqrtf$lsc) refers to errno.o(i.__set_errno) for __set_errno
    sqrtf_x.o(i.__sqrtf$lsc) refers to fsqrt.o(.text) for _fsqrt
    entry2.o(.ARM.Collect$$$$00000001) refers to entry2.o(.ARM.Collect$$$$00002712) for __lit__00000000
    entry2.o(.ARM.Collect$$$$00002712) refers to startup_mkl25z4.o(STACK) for __initial_sp
    entry2.o(__vectab_stack_and_reset_area) refers to startup_mkl25z4.o(STACK) for __initial_sp
    entry2.o(__vectab_stack_and_reset_area) refers to entry.o(.ARM.Collect$$$$00000000) for __main
    entry5.o(.ARM.Collect$$$$00000004) refers to init.o(.text) for __scatterload
    entry9a.o(.ARM.Collect$$$$0000000B) refers to main.o(.text) for main
    entry9b.o(.ARM.Collect$$$$0000000C) refers to main.o(.text) for main
    errno.o(i.__aeabi_errno_addr) refers to errno.o(.data) for .data
    errno.o(i.__read_errno) refers to errno.o(.data) for .data
    errno.o(i.__set_errno) refers to errno.o(.data) for .data
    init.o(.text) refers to entry5.o(.ARM.Collect$$$$00000004) for __main_after_scatterload
    fsqrt.o(.text) refers to fepilogue.o(.text) for _float_round


==============================================================================

Removing Unused input sections from the image.

    Removing startup_mkl25z4.o(HEAP), (0 bytes).
    Removing system_mkl25z4.o(.rev16_text), (4 bytes).
    Removing system_mkl25z4.o(.revsh_text), (4 bytes).
    Removing main.o(.rev16_text), (4 bytes).
    Removing main.o(.revsh_text), (4 bytes).
    Removing main.o(.data), (1 bytes).
    Removing leds.o(.rev16_text), (4 bytes).
    Removing leds.o(.revsh_text), (4 bytes).
    Removing timers.o(.rev16_text), (4 bytes).
    Removing timers.o(.revsh_text), (4 bytes).
    Removing delay.o(.rev16_text), (4 bytes).
    Removing delay.o(.revsh_text), (4 bytes).
    Removing adc.o(.rev16_text), (4 bytes).
    Removing adc.o(.revsh_text), (4 bytes).
    Removing adc.o(.text), (164 bytes).
    Removing i2c.o(.rev16_text), (4 bytes).
    Removing i2c.o(.revsh_text), (4 bytes).
    Removing i2c.o(.data), (2 bytes).
    Removing mma8451.o(.rev16_text), (4 bytes).
    Removing mma8451.o(.revsh_text), (4 bytes).
    Removing mma8451.o(.data), (4 bytes).
    Removing approx.o(.text), (304 bytes).
    Removing ffltui.o(.text), (14 bytes).

23 unused section(s) (total 553 bytes) removed from the image.

==============================================================================

Image Symbol Table

    Local Symbols

    Symbol Name                              Value     Ov Type        Size  Object(Section)

    RESET                                    0x00000000   Section      192  startup_mkl25z4.o(RESET)
    ../clib/microlib/division.c              0x00000000   Number         0  uidiv.o ABSOLUTE
    ../clib/microlib/errno.c                 0x00000000   Number         0  errno.o ABSOLUTE
    ../clib/microlib/init/entry.s            0x00000000   Number         0  entry10a.o ABSOLUTE
    ../clib/microlib/init/entry.s            0x00000000   Number         0  entry8a.o ABSOLUTE
    ../clib/microlib/init/entry.s            0x00000000   Number         0  entry11a.o ABSOLUTE
    ../clib/microlib/init/entry.s            0x00000000   Number         0  entry10b.o ABSOLUTE
    ../clib/microlib/init/entry.s            0x00000000   Number         0  entry7b.o ABSOLUTE
    ../clib/microlib/init/entry.s            0x00000000   Number         0  entry7a.o ABSOLUTE
    ../clib/microlib/init/entry.s            0x00000000   Number         0  entry9b.o ABSOLUTE
    ../clib/microlib/init/entry.s            0x00000000   Number         0  entry9a.o ABSOLUTE
    ../clib/microlib/init/entry.s            0x00000000   Number         0  entry5.o ABSOLUTE
    ../clib/microlib/init/entry.s            0x00000000   Number         0  entry2.o ABSOLUTE
    ../clib/microlib/init/entry.s            0x00000000   Number         0  entry.o ABSOLUTE
    ../clib/microlib/init/entry.s            0x00000000   Number         0  entry8b.o ABSOLUTE
    ../clib/microlib/init/entry.s            0x00000000   Number         0  entry11b.o ABSOLUTE
    ../clib/microlib/stubs.s                 0x00000000   Number         0  iusefp.o ABSOLUTE
    ../fplib/microlib/fpadd.c                0x00000000   Number         0  fadd.o ABSOLUTE
    ../fplib/microlib/fpdiv.c                0x00000000   Number         0  fdiv.o ABSOLUTE
    ../fplib/microlib/fpepilogue.c           0x00000000   Number         0  fepilogue.o ABSOLUTE
    ../fplib/microlib/fpflt.c                0x00000000   Number         0  fflti.o ABSOLUTE
    ../fplib/microlib/fpflt.c                0x00000000   Number         0  ffltui.o ABSOLUTE
    ../fplib/microlib/fpmul.c                0x00000000   Number         0  fmul.o ABSOLUTE
    ../fplib/microlib/fpscalb.c              0x00000000   Number         0  fscalb.o ABSOLUTE
    ../fplib/microlib/fpsqrt.c               0x00000000   Number         0  fsqrt.o ABSOLUTE
    ../mathlib/asinf.c                       0x00000000   Number         0  asinf_x.o ABSOLUTE
    ../mathlib/asinf.c                       0x00000000   Number         0  asinf.o ABSOLUTE
    ../mathlib/atan2f.c                      0x00000000   Number         0  atan2f.o ABSOLUTE
    ../mathlib/atan2f.c                      0x00000000   Number         0  atan2f_x.o ABSOLUTE
    ../mathlib/fpclassifyf.c                 0x00000000   Number         0  fpclassifyf.o ABSOLUTE
    ../mathlib/funder.c                      0x00000000   Number         0  funder.o ABSOLUTE
    ../mathlib/sqrtf.c                       0x00000000   Number         0  sqrtf.o ABSOLUTE
    ../mathlib/sqrtf.c                       0x00000000   Number         0  sqrtf_x.o ABSOLUTE
    dc.s                                     0x00000000   Number         0  dc.o ABSOLUTE
    handlers.s                               0x00000000   Number         0  handlers.o ABSOLUTE
    init.s                                   0x00000000   Number         0  init.o ABSOLUTE
    src\ADC.c                                0x00000000   Number         0  adc.o ABSOLUTE
    src\LEDs.c                               0x00000000   Number         0  leds.o ABSOLUTE
    src\\ADC.c                               0x00000000   Number         0  adc.o ABSOLUTE
    src\\LEDs.c                              0x00000000   Number         0  leds.o ABSOLUTE
    src\\delay.c                             0x00000000   Number         0  delay.o ABSOLUTE
    src\\i2c.c                               0x00000000   Number         0  i2c.o ABSOLUTE
    src\\main.c                              0x00000000   Number         0  main.o ABSOLUTE
    src\\mma8451.c                           0x00000000   Number         0  mma8451.o ABSOLUTE
    src\\system_MKL25Z4.c                    0x00000000   Number         0  system_mkl25z4.o ABSOLUTE
    src\\timers.c                            0x00000000   Number         0  timers.o ABSOLUTE
    src\approx.c                             0x00000000   Number         0  approx.o ABSOLUTE
    src\delay.c                              0x00000000   Number         0  delay.o ABSOLUTE
    src\i2c.c                                0x00000000   Number         0  i2c.o ABSOLUTE
    src\main.c                               0x00000000   Number         0  main.o ABSOLUTE
    src\mma8451.c                            0x00000000   Number         0  mma8451.o ABSOLUTE
    src\system_MKL25Z4.c                     0x00000000   Number         0  system_mkl25z4.o ABSOLUTE
    src\timers.c                             0x00000000   Number         0  timers.o ABSOLUTE
    startup_MKL25Z4.s                        0x00000000   Number         0  startup_mkl25z4.o ABSOLUTE
    .ARM.Collect$$$$00000000                 0x000000c0   Section        0  entry.o(.ARM.Collect$$$$00000000)
    .ARM.Collect$$$$00000001                 0x000000c0   Section        4  entry2.o(.ARM.Collect$$$$00000001)
    .ARM.Collect$$$$00000004                 0x000000c4   Section        4  entry5.o(.ARM.Collect$$$$00000004)
    .ARM.Collect$$$$00000008                 0x000000c8   Section        0  entry7b.o(.ARM.Collect$$$$00000008)
    .ARM.Collect$$$$0000000A                 0x000000c8   Section        0  entry8b.o(.ARM.Collect$$$$0000000A)
    .ARM.Collect$$$$0000000B                 0x000000c8   Section        8  entry9a.o(.ARM.Collect$$$$0000000B)
    .ARM.Collect$$$$0000000D                 0x000000d0   Section        0  entry10a.o(.ARM.Collect$$$$0000000D)
    .ARM.Collect$$$$0000000F                 0x000000d0   Section        0  entry11a.o(.ARM.Collect$$$$0000000F)
    .ARM.Collect$$$$00002712                 0x000000d0   Section        4  entry2.o(.ARM.Collect$$$$00002712)
    __lit__00000000                          0x000000d0   Data           4  entry2.o(.ARM.Collect$$$$00002712)
    .text                                    0x000000d4   Section       28  startup_mkl25z4.o(.text)
    .text                                    0x000000f0   Section        0  system_mkl25z4.o(.text)
    .text                                    0x0000027c   Section        0  main.o(.text)
    .text                                    0x00000354   Section        0  delay.o(.text)
    .text                                    0x0000036a   Section        0  uidiv.o(.text)
    .text                                    0x00000396   Section        0  fscalb.o(.text)
    .text                                    0x000003ae   Section        0  fflti.o(.text)
    .text                                    0x000003c4   Section        0  iusefp.o(.text)
    .text                                    0x000003c4   Section       36  init.o(.text)
    i.__mathlib_flt_infnan                   0x000003e8   Section        0  funder.o(i.__mathlib_flt_infnan)
    i.__mathlib_flt_infnan2                  0x000003f2   Section        0  funder.o(i.__mathlib_flt_infnan2)
    i.__scatterload_null                     0x000003fa   Section        2  handlers.o(i.__scatterload_null)
    .ARM.__at_0x400                          0x00000400   Section       16  startup_mkl25z4.o(.ARM.__at_0x400)
    .text                                    0x00000410   Section        0  leds.o(.text)
    .text                                    0x00000554   Section        0  timers.o(.text)
    .text                                    0x00000788   Section        0  i2c.o(.text)
    .text                                    0x00000a20   Section        0  mma8451.o(.text)
    .text                                    0x00000b88   Section        0  fadd.o(.text)
    .text                                    0x00000c3a   Section        0  fmul.o(.text)
    .text                                    0x00000cb4   Section        0  fdiv.o(.text)
    .text                                    0x00000d30   Section        0  fepilogue.o(.text)
    .text                                    0x00000db2   Section        0  fsqrt.o(.text)
    i.__ARM_fpclassifyf                      0x00000e0a   Section        0  fpclassifyf.o(i.__ARM_fpclassifyf)
    i.__mathlib_flt_invalid                  0x00000e2c   Section        0  funder.o(i.__mathlib_flt_invalid)
    i.__mathlib_flt_underflow                0x00000e38   Section        0  funder.o(i.__mathlib_flt_underflow)
    i.__scatterload_copy                     0x00000e46   Section       14  handlers.o(i.__scatterload_copy)
    i.__scatterload_zeroinit                 0x00000e54   Section       14  handlers.o(i.__scatterload_zeroinit)
    i.__set_errno                            0x00000e64   Section        0  errno.o(i.__set_errno)
    i.asinf                                  0x00000e70   Section        0  asinf.o(i.asinf)
    i.atan2f                                 0x00000f88   Section        0  atan2f.o(i.atan2f)
    i.sqrtf                                  0x000011e4   Section        0  sqrtf.o(i.sqrtf)
    .data                                    0x1ffff000   Section        4  system_mkl25z4.o(.data)
    .data                                    0x1ffff004   Section        7  timers.o(.data)
    n                                        0x1ffff004   Data           1  timers.o(.data)
    n                                        0x1ffff005   Data           1  timers.o(.data)
    n_clk                                    0x1ffff006   Data           1  timers.o(.data)
    divider                                  0x1ffff007   Data           1  timers.o(.data)
    n                                        0x1ffff008   Data           1  timers.o(.data)
    n_clk                                    0x1ffff009   Data           1  timers.o(.data)
    divider                                  0x1ffff00a   Data           1  timers.o(.data)
    .data                                    0x1ffff00c   Section        4  i2c.o(.data)
    .data                                    0x1ffff010   Section       24  mma8451.o(.data)
    .data                                    0x1ffff028   Section        4  errno.o(.data)
    _errno                                   0x1ffff028   Data           4  errno.o(.data)
    STACK                                    0x1ffff030   Section     1024  startup_mkl25z4.o(STACK)

    Global Symbols

    Symbol Name                              Value     Ov Type        Size  Object(Section)

    BuildAttributes$$THM_ISAv3M$S$PE$A:L22$X:L11$S22$IEEE1$IW$USESV6$~STKCKD$USESV7$~SHL$OTIME$ROPI$IEEEX$EBA8$MICROLIB$REQ8$PRES8$EABIv2 0x00000000   Number         0  anon$$obj.o ABSOLUTE
    __ARM_use_no_argv                        0x00000000   Number         0  main.o ABSOLUTE
    __Vectors                                0x00000000   Data           4  startup_mkl25z4.o(RESET)
    __cpp_initialize__aeabi_                  - Undefined Weak Reference
    __cxa_finalize                            - Undefined Weak Reference
    __decompress                              - Undefined Weak Reference
    _clock_init                               - Undefined Weak Reference
    _microlib_exit                            - Undefined Weak Reference
    __Vectors_End                            0x000000c0   Data           0  startup_mkl25z4.o(RESET)
    __Vectors_Size                           0x000000c0   Number         0  startup_mkl25z4.o ABSOLUTE
    __main                                   0x000000c1   Thumb Code     0  entry.o(.ARM.Collect$$$$00000000)
    _main_stk                                0x000000c1   Thumb Code     0  entry2.o(.ARM.Collect$$$$00000001)
    _main_scatterload                        0x000000c5   Thumb Code     0  entry5.o(.ARM.Collect$$$$00000004)
    __main_after_scatterload                 0x000000c9   Thumb Code     0  entry5.o(.ARM.Collect$$$$00000004)
    _main_clock                              0x000000c9   Thumb Code     0  entry7b.o(.ARM.Collect$$$$00000008)
    _main_cpp_init                           0x000000c9   Thumb Code     0  entry8b.o(.ARM.Collect$$$$0000000A)
    _main_init                               0x000000c9   Thumb Code     0  entry9a.o(.ARM.Collect$$$$0000000B)
    __rt_final_cpp                           0x000000d1   Thumb Code     0  entry10a.o(.ARM.Collect$$$$0000000D)
    __rt_final_exit                          0x000000d1   Thumb Code     0  entry11a.o(.ARM.Collect$$$$0000000F)
    Reset_Handler                            0x000000d5   Thumb Code     8  startup_mkl25z4.o(.text)
    NMI_Handler                              0x000000dd   Thumb Code     2  startup_mkl25z4.o(.text)
    HardFault_Handler                        0x000000df   Thumb Code     2  startup_mkl25z4.o(.text)
    SVC_Handler                              0x000000e1   Thumb Code     2  startup_mkl25z4.o(.text)
    PendSV_Handler                           0x000000e3   Thumb Code     2  startup_mkl25z4.o(.text)
    SysTick_Handler                          0x000000e5   Thumb Code     2  startup_mkl25z4.o(.text)
    ADC0_IRQHandler                          0x000000e7   Thumb Code     0  startup_mkl25z4.o(.text)
    CMP0_IRQHandler                          0x000000e7   Thumb Code     0  startup_mkl25z4.o(.text)
    DAC0_IRQHandler                          0x000000e7   Thumb Code     0  startup_mkl25z4.o(.text)
    DMA0_IRQHandler                          0x000000e7   Thumb Code     0  startup_mkl25z4.o(.text)
    DMA1_IRQHandler                          0x000000e7   Thumb Code     0  startup_mkl25z4.o(.text)
    DMA2_IRQHandler                          0x000000e7   Thumb Code     0  startup_mkl25z4.o(.text)
    DMA3_IRQHandler                          0x000000e7   Thumb Code     0  startup_mkl25z4.o(.text)
    DefaultISR                               0x000000e7   Thumb Code     0  startup_mkl25z4.o(.text)
    FTFA_IRQHandler                          0x000000e7   Thumb Code     0  startup_mkl25z4.o(.text)
    I2C0_IRQHandler                          0x000000e7   Thumb Code     0  startup_mkl25z4.o(.text)
    I2C1_IRQHandler                          0x000000e7   Thumb Code     0  startup_mkl25z4.o(.text)
    LLW_IRQHandler                           0x000000e7   Thumb Code     0  startup_mkl25z4.o(.text)
    LVD_LVW_IRQHandler                       0x000000e7   Thumb Code     0  startup_mkl25z4.o(.text)
    MCG_IRQHandler                           0x000000e7   Thumb Code     0  startup_mkl25z4.o(.text)
    PORTA_IRQHandler                         0x000000e7   Thumb Code     0  startup_mkl25z4.o(.text)
    PORTD_IRQHandler                         0x000000e7   Thumb Code     0  startup_mkl25z4.o(.text)
    RTC_IRQHandler                           0x000000e7   Thumb Code     0  startup_mkl25z4.o(.text)
    RTC_Seconds_IRQHandler                   0x000000e7   Thumb Code     0  startup_mkl25z4.o(.text)
    Reserved20_IRQHandler                    0x000000e7   Thumb Code     0  startup_mkl25z4.o(.text)
    Reserved39_IRQHandler                    0x000000e7   Thumb Code     0  startup_mkl25z4.o(.text)
    Reserved45_IRQHandler                    0x000000e7   Thumb Code     0  startup_mkl25z4.o(.text)
    SPI0_IRQHandler                          0x000000e7   Thumb Code     0  startup_mkl25z4.o(.text)
    SPI1_IRQHandler                          0x000000e7   Thumb Code     0  startup_mkl25z4.o(.text)
    TPM1_IRQHandler                          0x000000e7   Thumb Code     0  startup_mkl25z4.o(.text)
    TPM2_IRQHandler                          0x000000e7   Thumb Code     0  startup_mkl25z4.o(.text)
    TSI0_IRQHandler                          0x000000e7   Thumb Code     0  startup_mkl25z4.o(.text)
    UART0_IRQHandler                         0x000000e7   Thumb Code     0  startup_mkl25z4.o(.text)
    UART1_IRQHandler                         0x000000e7   Thumb Code     0  startup_mkl25z4.o(.text)
    UART2_IRQHandler                         0x000000e7   Thumb Code     0  startup_mkl25z4.o(.text)
    USB0_IRQHandler                          0x000000e7   Thumb Code     0  startup_mkl25z4.o(.text)
    SystemInit                               0x000000f1   Thumb Code   120  system_mkl25z4.o(.text)
    SystemCoreClockUpdate                    0x00000169   Thumb Code   224  system_mkl25z4.o(.text)
    Init_Debug_Signals                       0x0000027d   Thumb Code    50  main.o(.text)
    main                                     0x000002af   Thumb Code   130  main.o(.text)
    Delay                                    0x00000355   Thumb Code    22  delay.o(.text)
    __aeabi_uidiv                            0x0000036b   Thumb Code     0  uidiv.o(.text)
    __aeabi_uidivmod                         0x0000036b   Thumb Code    44  uidiv.o(.text)
    __ARM_scalbnf                            0x00000397   Thumb Code    24  fscalb.o(.text)
    scalbnf                                  0x00000397   Thumb Code     0  fscalb.o(.text)
    __aeabi_i2f                              0x000003af   Thumb Code    22  fflti.o(.text)
    __I$use$fp                               0x000003c5   Thumb Code     0  iusefp.o(.text)
    __scatterload                            0x000003c5   Thumb Code    28  init.o(.text)
    __scatterload_rt2                        0x000003c5   Thumb Code     0  init.o(.text)
    __mathlib_flt_infnan                     0x000003e9   Thumb Code    10  funder.o(i.__mathlib_flt_infnan)
    __mathlib_flt_infnan2                    0x000003f3   Thumb Code     8  funder.o(i.__mathlib_flt_infnan2)
    __scatterload_null                       0x000003fb   Thumb Code     2  handlers.o(i.__scatterload_null)
    Control_RGB_LEDs                         0x00000411   Thumb Code    52  leds.o(.text)
    Init_RGB_LEDs                            0x00000445   Thumb Code   110  leds.o(.text)
    Light_LEDs                               0x000004b3   Thumb Code   120  leds.o(.text)
    Init_LPTMR                               0x00000555   Thumb Code    46  timers.o(.text)
    Start_LPTMR                              0x00000583   Thumb Code    12  timers.o(.text)
    Stop_LPTMR                               0x0000058f   Thumb Code    12  timers.o(.text)
    LPTimer_IRQHandler                       0x0000059b   Thumb Code    60  timers.o(.text)
    Init_PIT                                 0x000005d7   Thumb Code    76  timers.o(.text)
    Start_PIT                                0x00000623   Thumb Code    12  timers.o(.text)
    Stop_PIT                                 0x0000062f   Thumb Code    12  timers.o(.text)
    PIT_IRQHandler                           0x0000063b   Thumb Code   110  timers.o(.text)
    Init_TPM                                 0x000006a9   Thumb Code    70  timers.o(.text)
    TPM0_IRQHandler                          0x000006ef   Thumb Code    90  timers.o(.text)
    Start_TPM                                0x00000749   Thumb Code    12  timers.o(.text)
    i2c_init                                 0x00000789   Thumb Code    52  i2c.o(.text)
    i2c_start                                0x000007bd   Thumb Code    20  i2c.o(.text)
    i2c_reset                                0x000007d1   Thumb Code   102  i2c.o(.text)
    i2c_wait                                 0x00000837   Thumb Code   148  i2c.o(.text)
    i2c_read_setup                           0x000008cb   Thumb Code    72  i2c.o(.text)
    i2c_repeated_read                        0x00000913   Thumb Code    58  i2c.o(.text)
    i2c_read_byte                            0x0000094d   Thumb Code   118  i2c.o(.text)
    i2c_write_byte                           0x000009c3   Thumb Code    76  i2c.o(.text)
    init_mma                                 0x00000a21   Thumb Code    64  mma8451.o(.text)
    read_full_xyz                            0x00000a61   Thumb Code    96  mma8451.o(.text)
    read_xyz                                 0x00000ac1   Thumb Code    54  mma8451.o(.text)
    convert_xyz_to_roll_pitch                0x00000af7   Thumb Code    74  mma8451.o(.text)
    convert_xyz_to_roll_pitch_DEF            0x00000b41   Thumb Code    46  mma8451.o(.text)
    __aeabi_fadd                             0x00000b89   Thumb Code   162  fadd.o(.text)
    __aeabi_fsub                             0x00000c2b   Thumb Code     8  fadd.o(.text)
    __aeabi_frsub                            0x00000c33   Thumb Code     8  fadd.o(.text)
    __aeabi_fmul                             0x00000c3b   Thumb Code   122  fmul.o(.text)
    __aeabi_fdiv                             0x00000cb5   Thumb Code   124  fdiv.o(.text)
    _float_round                             0x00000d31   Thumb Code    16  fepilogue.o(.text)
    _float_epilogue                          0x00000d41   Thumb Code   114  fepilogue.o(.text)
    _fsqrt                                   0x00000db3   Thumb Code    88  fsqrt.o(.text)
    __ARM_fpclassifyf                        0x00000e0b   Thumb Code    34  fpclassifyf.o(i.__ARM_fpclassifyf)
    __mathlib_flt_invalid                    0x00000e2d   Thumb Code    12  funder.o(i.__mathlib_flt_invalid)
    __mathlib_flt_underflow                  0x00000e39   Thumb Code    14  funder.o(i.__mathlib_flt_underflow)
    __scatterload_copy                       0x00000e47   Thumb Code    14  handlers.o(i.__scatterload_copy)
    __scatterload_zeroinit                   0x00000e55   Thumb Code    14  handlers.o(i.__scatterload_zeroinit)
    __set_errno                              0x00000e65   Thumb Code     6  errno.o(i.__set_errno)
    asinf                                    0x00000e71   Thumb Code   242  asinf.o(i.asinf)
    atan2f                                   0x00000f89   Thumb Code   526  atan2f.o(i.atan2f)
    sqrtf                                    0x000011e5   Thumb Code    44  sqrtf.o(i.sqrtf)
    Region$$Table$$Base                      0x00001210   Number         0  anon$$obj.o(Region$$Table)
    Region$$Table$$Limit                     0x00001230   Number         0  anon$$obj.o(Region$$Table)
    SystemCoreClock                          0x1ffff000   Data           4  system_mkl25z4.o(.data)
    i2c_wait_return                          0x1ffff00c   Data           1  i2c.o(.data)
    cnt1                                     0x1ffff00e   Data           2  i2c.o(.data)
    acc_X                                    0x1ffff010   Data           2  mma8451.o(.data)
    acc_Y                                    0x1ffff012   Data           2  mma8451.o(.data)
    acc_Z                                    0x1ffff014   Data           2  mma8451.o(.data)
    roll                                     0x1ffff018   Data           4  mma8451.o(.data)
    pitch                                    0x1ffff01c   Data           4  mma8451.o(.data)
    roll_rads                                0x1ffff020   Data           4  mma8451.o(.data)
    pitch_rads                               0x1ffff024   Data           4  mma8451.o(.data)
    __initial_sp                             0x1ffff430   Data           0  startup_mkl25z4.o(STACK)



==============================================================================

Memory Map of the image

  Image Entry point : 0x000000c1

  Load Region LR_IROM1 (Base: 0x00000000, Size: 0x0000125c, Max: 0x00020000, ABSOLUTE)

    Execution Region ER_IROM1 (Base: 0x00000000, Size: 0x00001230, Max: 0x00020000, ABSOLUTE)

    Base Addr    Size         Type   Attr      Idx    E Section Name        Object

    0x00000000   0x000000c0   Data   RO            3    RESET               startup_mkl25z4.o
    0x000000c0   0x00000000   Code   RO          301  * .ARM.Collect$$$$00000000  mc_p.l(entry.o)
    0x000000c0   0x00000004   Code   RO          342    .ARM.Collect$$$$00000001  mc_p.l(entry2.o)
    0x000000c4   0x00000004   Code   RO          345    .ARM.Collect$$$$00000004  mc_p.l(entry5.o)
    0x000000c8   0x00000000   Code   RO          347    .ARM.Collect$$$$00000008  mc_p.l(entry7b.o)
    0x000000c8   0x00000000   Code   RO          349    .ARM.Collect$$$$0000000A  mc_p.l(entry8b.o)
    0x000000c8   0x00000008   Code   RO          350    .ARM.Collect$$$$0000000B  mc_p.l(entry9a.o)
    0x000000d0   0x00000000   Code   RO          352    .ARM.Collect$$$$0000000D  mc_p.l(entry10a.o)
    0x000000d0   0x00000000   Code   RO          354    .ARM.Collect$$$$0000000F  mc_p.l(entry11a.o)
    0x000000d0   0x00000004   Code   RO          343    .ARM.Collect$$$$00002712  mc_p.l(entry2.o)
    0x000000d4   0x0000001c   Code   RO            5    .text               startup_mkl25z4.o
    0x000000f0   0x0000018c   Code   RO           15    .text               system_mkl25z4.o
    0x0000027c   0x000000d8   Code   RO           57    .text               main.o
    0x00000354   0x00000016   Code   RO          169    .text               delay.o
    0x0000036a   0x0000002c   Code   RO          304    .text               mc_p.l(uidiv.o)
    0x00000396   0x00000018   Code   RO          312    .text               mf_p.l(fscalb.o)
    0x000003ae   0x00000016   Code   RO          314    .text               mf_p.l(fflti.o)
    0x000003c4   0x00000000   Code   RO          363    .text               mc_p.l(iusefp.o)
    0x000003c4   0x00000024   Code   RO          366    .text               mc_p.l(init.o)
    0x000003e8   0x0000000a   Code   RO          321    i.__mathlib_flt_infnan  m_ps.l(funder.o)
    0x000003f2   0x00000008   Code   RO          322    i.__mathlib_flt_infnan2  m_ps.l(funder.o)
    0x000003fa   0x00000002   Code   RO          373    i.__scatterload_null  mc_p.l(handlers.o)
    0x000003fc   0x00000004   PAD
    0x00000400   0x00000010   Code   RO            4    .ARM.__at_0x400     startup_mkl25z4.o
    0x00000410   0x00000144   Code   RO          121    .text               leds.o
    0x00000554   0x00000234   Code   RO          142    .text               timers.o
    0x00000788   0x00000298   Code   RO          209    .text               i2c.o
    0x00000a20   0x00000168   Code   RO          237    .text               mma8451.o
    0x00000b88   0x000000b2   Code   RO          306    .text               mf_p.l(fadd.o)
    0x00000c3a   0x0000007a   Code   RO          308    .text               mf_p.l(fmul.o)
    0x00000cb4   0x0000007c   Code   RO          310    .text               mf_p.l(fdiv.o)
    0x00000d30   0x00000082   Code   RO          364    .text               mf_p.l(fepilogue.o)
    0x00000db2   0x00000058   Code   RO          368    .text               mf_p.l(fsqrt.o)
    0x00000e0a   0x00000022   Code   RO          318    i.__ARM_fpclassifyf  m_ps.l(fpclassifyf.o)
    0x00000e2c   0x0000000c   Code   RO          323    i.__mathlib_flt_invalid  m_ps.l(funder.o)
    0x00000e38   0x0000000e   Code   RO          326    i.__mathlib_flt_underflow  m_ps.l(funder.o)
    0x00000e46   0x0000000e   Code   RO          372    i.__scatterload_copy  mc_p.l(handlers.o)
    0x00000e54   0x0000000e   Code   RO          374    i.__scatterload_zeroinit  mc_p.l(handlers.o)
    0x00000e62   0x00000002   PAD
    0x00000e64   0x0000000c   Code   RO          358    i.__set_errno       mc_p.l(errno.o)
    0x00000e70   0x00000118   Code   RO          286    i.asinf             m_ps.l(asinf.o)
    0x00000f88   0x0000025c   Code   RO          294    i.atan2f            m_ps.l(atan2f.o)
    0x000011e4   0x0000002c   Code   RO          335    i.sqrtf             m_ps.l(sqrtf.o)
    0x00001210   0x00000020   Data   RO          370    Region$$Table       anon$$obj.o


    Execution Region RW_IRAM1 (Base: 0x1ffff000, Size: 0x00000430, Max: 0x00001000, ABSOLUTE)

    Base Addr    Size         Type   Attr      Idx    E Section Name        Object

    0x1ffff000   0x00000004   Data   RW           16    .data               system_mkl25z4.o
    0x1ffff004   0x00000007   Data   RW          143    .data               timers.o
    0x1ffff00b   0x00000001   PAD
    0x1ffff00c   0x00000004   Data   RW          210    .data               i2c.o
    0x1ffff010   0x00000018   Data   RW          238    .data               mma8451.o
    0x1ffff028   0x00000004   Data   RW          359    .data               mc_p.l(errno.o)
    0x1ffff02c   0x00000004   PAD
    0x1ffff030   0x00000400   Zero   RW            1    STACK               startup_mkl25z4.o


==============================================================================

Image component sizes


      Code (inc. data)   RO Data    RW Data    ZI Data      Debug   Object Name

        22          0          0          0          0        784   delay.o
       664         18          0          4          0       2800   i2c.o
       324         42          0          0          0       1434   leds.o
       216         36          0          0          0        694   main.o
       360         26          0         24          0       1855   mma8451.o
        44         24        192          0       1024        876   startup_mkl25z4.o
       396         60          0          4          0      98681   system_mkl25z4.o
       564         52          0          7          0       8205   timers.o

    ----------------------------------------------------------------------
      2590        258        224         40       1024     115329   Object Totals
         0          0         32          0          0          0   (incl. Generated)
         0          0          0          1          0          0   (incl. Padding)

    ----------------------------------------------------------------------

      Code (inc. data)   RO Data    RW Data    ZI Data      Debug   Library Member Name

       280         38          0          0          0         76   asinf.o
       604         78          0          0          0        120   atan2f.o
        34          0          0          0          0         60   fpclassifyf.o
        44          0          0          0          0        272   funder.o
        44          0          0          0          0         72   sqrtf.o
         0          0          0          0          0          0   entry.o
         0          0          0          0          0          0   entry10a.o
         0          0          0          0          0          0   entry11a.o
         8          4          0          0          0          0   entry2.o
         4          0          0          0          0          0   entry5.o
         0          0          0          0          0          0   entry7b.o
         0          0          0          0          0          0   entry8b.o
         8          4          0          0          0          0   entry9a.o
        12          6          0          4          0         60   errno.o
        30          0          0          0          0          0   handlers.o
        36          8          0          0          0         68   init.o
         0          0          0          0          0          0   iusefp.o
        44          0          0          0          0         72   uidiv.o
       178          0          0          0          0        108   fadd.o
       124          0          0          0          0         72   fdiv.o
       130          0          0          0          0        144   fepilogue.o
        22          0          0          0          0         68   fflti.o
       122          0          0          0          0         72   fmul.o
        24          0          0          0          0         60   fscalb.o
        88          0          0          0          0         72   fsqrt.o

    ----------------------------------------------------------------------
      1842        138          0          4          4       1396   Library Totals
         6          0          0          0          4          0   (incl. Padding)

    ----------------------------------------------------------------------

      Code (inc. data)   RO Data    RW Data    ZI Data      Debug   Library Name

      1006        116          0          0          0        600   m_ps.l
       142         22          0          4          0        200   mc_p.l
       688          0          0          0          0        596   mf_p.l

    ----------------------------------------------------------------------
      1842        138          0          4          4       1396   Library Totals

    ----------------------------------------------------------------------

==============================================================================


      Code (inc. data)   RO Data    RW Data    ZI Data      Debug   

      4432        396        224         44       1028     115601   Grand Totals
      4432        396        224         44       1028     115601   ELF Image Totals
      4432        396        224         44          0          0   ROM Totals

==============================================================================

    Total RO  Size (Code + RO Data)                 4656 (   4.55kB)
    Total RW  Size (RW Data + ZI Data)              1072 (   1.05kB)
    Total ROM Size (Code + RO Data + RW Data)       4700 (   4.59kB)

==============================================================================

